write: a
read:  a
write: aa
read:  aa
write: aaa
read:  aaa
write: aaaa
read:  aaaa
write: aaaaa
read:  aaaaa
write: aaaaaa
read:  aaaaaa
write: aaaaaaa
read:  aaaaaaa
write: aaaaaaaa
read:  aaaaaaaa
write: aaaaaaaaa
read:  aaaaaaaaa
write: aaaaaaaaaa
read:  aaaaaaaaaa
write: aaaaaaaaaaa
read:  aaaaaaaaaaa
write: aaaaaaaaaaaa
read:  aaaaaaaaaaaa
write: aaaaaaaaaaaaa
read:  aaaaaaaaaaaaa
write: aaaaaaaaaaaaaa
read:  aaaaaaaaaaaaaa
write: aaaaaaaaaaaaaaa
read:  aaaaaaaaaaaaaaa
write: aaaaaaaaaaaaaaaa
read:  aaaaaaaaaaaaaaaa
write: aaaaaaaaaaaaaaaaa
read:  aaaaaaaaaaaaaaaaa
write: aaaaaaaaaaaaaaaaaa
read:  aaaaaaaaaaaaaaaaaa
write: aaaaaaaaaaaaaaaaaaa
read:  aaaaaaaaaaaaaaaaaaa
write: aaaaaaaaaaaaaaaaaaaa
read:  aaaaaaaaaaaaaaaaaaaa
write: aaaaaaaaaaaaaaaaaaaaa
read:  aaaaaaaaaaaaaaaaaaaaa
write: aaaaaaaaaaaaaaaaaaaaaa
read:  aaaaaaaaaaaaaaaaaaaaaa
write: aaaaaaaaaaaaaaaaaaaaaaa
read:  aaaaaaaaaaaaaaaaaaaaaaa
write: aaaaaaaaaaaaaaaaaaaaaaaa
read:  aaaaaaaaaaaaaaaaaaaaaaaa
write: aaaaaaaaaaaaaaaaaaaaaaaaa
read:  aaaaaaaaaaaaaaaaaaaaaaaaa
write: aaaaaaaaaaaaaaaaaaaaaaaaaa
read:  aaaaaaaaaaaaaaaaaaaaaaaaaa
write: aaaaaaaaaaaaaaaaaaaaaaaaaaa
read:  aaaaaaaaaaaaaaaaaaaaaaaaaaa
write: aaaaaaaaaaaaaaaaaaaaaaaaaaaa
read:  aaaaaaaaaaaaaaaaaaaaaaaaaaaa
write: aaaaaaaaaaaaaaaaaaaaaaaaaaaaa
read:  aaaaaaaaaaaaaaaaaaaaaaaaaaaaa
write: aaaaaaaaaaaaaaaaaaaaaaaaaaaaaa
read:  aaaaaaaaaaaaaaaaaaaaaaaaaaaaaa
write: aaaaaaaaaaaaaaaaaaaaaaaaaaaaaaa
read:  aaaaaaaaaaaaaaaaaaaaaaaaaaaaaaa
write: aaaaaaaaaaaaaaaaaaaaaaaaaaaaaaaa
read:  aaaaaaaaaaaaaaaaaaaaaaaaaaaaaaaa
write: aaaaaaaaaaaaaaaaaaaaaaaaaaaaaaaaa
read:  aaaaaaaaaaaaaaaaaaaaaaaaaaaaaaaaa
write: aaaaaaaaaaaaaaaaaaaaaaaaaaaaaaaaaa
read:  aaaaaaaaaaaaaaaaaaaaaaaaaaaaaaaaaa
write: aaaaaaaaaaaaaaaaaaaaaaaaaaaaaaaaaaa
read:  aaaaaaaaaaaaaaaaaaaaaaaaaaaaaaaaaaa
write: aaaaaaaaaaaaaaaaaaaaaaaaaaaaaaaaaaaa
read:  aaaaaaaaaaaaaaaaaaaaaaaaaaaaaaaaaaaa
write: aaaaaaaaaaaaaaaaaaaaaaaaaaaaaaaaaaaaa
read:  aaaaaaaaaaaaaaaaaaaaaaaaaaaaaaaaaaaaa
write: aaaaaaaaaaaaaaaaaaaaaaaaaaaaaaaaaaaaaa
read:  aaaaaaaaaaaaaaaaaaaaaaaaaaaaaaaaaaaaaa
write: aaaaaaaaaaaaaaaaaaaaaaaaaaaaaaaaaaaaaaa
read:  aaaaaaaaaaaaaaaaaaaaaaaaaaaaaaaaaaaaaaa
write: aaaaaaaaaaaaaaaaaaaaaaaaaaaaaaaaaaaaaaaa
read:  aaaaaaaaaaaaaaaaaaaaaaaaaaaaaaaaaaaaaaaa
write: aaaaaaaaaaaaaaaaaaaaaaaaaaaaaaaaaaaaaaaaa
read:  aaaaaaaaaaaaaaaaaaaaaaaaaaaaaaaaaaaaaaaaa
write: aaaaaaaaaaaaaaaaaaaaaaaaaaaaaaaaaaaaaaaaaa
read:  aaaaaaaaaaaaaaaaaaaaaaaaaaaaaaaaaaaaaaaaaa
write: aaaaaaaaaaaaaaaaaaaaaaaaaaaaaaaaaaaaaaaaaaa
read:  aaaaaaaaaaaaaaaaaaaaaaaaaaaaaaaaaaaaaaaaaaa
write: aaaaaaaaaaaaaaaaaaaaaaaaaaaaaaaaaaaaaaaaaaaa
read:  aaaaaaaaaaaaaaaaaaaaaaaaaaaaaaaaaaaaaaaaaaaa
write: aaaaaaaaaaaaaaaaaaaaaaaaaaaaaaaaaaaaaaaaaaaaa
read:  aaaaaaaaaaaaaaaaaaaaaaaaaaaaaaaaaaaaaaaaaaaaa
write: aaaaaaaaaaaaaaaaaaaaaaaaaaaaaaaaaaaaaaaaaaaaaa
read:  aaaaaaaaaaaaaaaaaaaaaaaaaaaaaaaaaaaaaaaaaaaaaa
write: aaaaaaaaaaaaaaaaaaaaaaaaaaaaaaaaaaaaaaaaaaaaaaa
read:  aaaaaaaaaaaaaaaaaaaaaaaaaaaaaaaaaaaaaaaaaaaaaaa
write: aaaaaaaaaaaaaaaaaaaaaaaaaaaaaaaaaaaaaaaaaaaaaaaa
read:  aaaaaaaaaaaaaaaaaaaaaaaaaaaaaaaaaaaaaaaaaaaaaaaa
write: aaaaaaaaaaaaaaaaaaaaaaaaaaaaaaaaaaaaaaaaaaaaaaaaa
read:  aaaaaaaaaaaaaaaaaaaaaaaaaaaaaaaaaaaaaaaaaaaaaaaaa
write: aaaaaaaaaaaaaaaaaaaaaaaaaaaaaaaaaaaaaaaaaaaaaaaaaa
read:  aaaaaaaaaaaaaaaaaaaaaaaaaaaaaaaaaaaaaaaaaaaaaaaaaa
write: aaaaaaaaaaaaaaaaaaaaaaaaaaaaaaaaaaaaaaaaaaaaaaaaaaa
read:  aaaaaaaaaaaaaaaaaaaaaaaaaaaaaaaaaaaaaaaaaaaaaaaaaaa
write: aaaaaaaaaaaaaaaaaaaaaaaaaaaaaaaaaaaaaaaaaaaaaaaaaaaa
read:  aaaaaaaaaaaaaaaaaaaaaaaaaaaaaaaaaaaaaaaaaaaaaaaaaaaa
write: aaaaaaaaaaaaaaaaaaaaaaaaaaaaaaaaaaaaaaaaaaaaaaaaaaaaa
read:  aaaaaaaaaaaaaaaaaaaaaaaaaaaaaaaaaaaaaaaaaaaaaaaaaaaaa
write: aaaaaaaaaaaaaaaaaaaaaaaaaaaaaaaaaaaaaaaaaaaaaaaaaaaaaa
read:  aaaaaaaaaaaaaaaaaaaaaaaaaaaaaaaaaaaaaaaaaaaaaaaaaaaaaa
write: aaaaaaaaaaaaaaaaaaaaaaaaaaaaaaaaaaaaaaaaaaaaaaaaaaaaaaa
read:  aaaaaaaaaaaaaaaaaaaaaaaaaaaaaaaaaaaaaaaaaaaaaaaaaaaaaaa
write: aaaaaaaaaaaaaaaaaaaaaaaaaaaaaaaaaaaaaaaaaaaaaaaaaaaaaaaa
read:  aaaaaaaaaaaaaaaaaaaaaaaaaaaaaaaaaaaaaaaaaaaaaaaaaaaaaaaa
write: aaaaaaaaaaaaaaaaaaaaaaaaaaaaaaaaaaaaaaaaaaaaaaaaaaaaaaaaa
read:  aaaaaaaaaaaaaaaaaaaaaaaaaaaaaaaaaaaaaaaaaaaaaaaaaaaaaaaaa
write: aaaaaaaaaaaaaaaaaaaaaaaaaaaaaaaaaaaaaaaaaaaaaaaaaaaaaaaaaa
read:  aaaaaaaaaaaaaaaaaaaaaaaaaaaaaaaaaaaaaaaaaaaaaaaaaaaaaaaaaa
write: aaaaaaaaaaaaaaaaaaaaaaaaaaaaaaaaaaaaaaaaaaaaaaaaaaaaaaaaaaa
read:  aaaaaaaaaaaaaaaaaaaaaaaaaaaaaaaaaaaaaaaaaaaaaaaaaaaaaaaaaaa
write: aaaaaaaaaaaaaaaaaaaaaaaaaaaaaaaaaaaaaaaaaaaaaaaaaaaaaaaaaaaa
read:  aaaaaaaaaaaaaaaaaaaaaaaaaaaaaaaaaaaaaaaaaaaaaaaaaaaaaaaaaaaa
write: aaaaaaaaaaaaaaaaaaaaaaaaaaaaaaaaaaaaaaaaaaaaaaaaaaaaaaaaaaaaa
read:  aaaaaaaaaaaaaaaaaaaaaaaaaaaaaaaaaaaaaaaaaaaaaaaaaaaaaaaaaaaaa
write: aaaaaaaaaaaaaaaaaaaaaaaaaaaaaaaaaaaaaaaaaaaaaaaaaaaaaaaaaaaaaa
read:  aaaaaaaaaaaaaaaaaaaaaaaaaaaaaaaaaaaaaaaaaaaaaaaaaaaaaaaaaaaaaa
write: aaaaaaaaaaaaaaaaaaaaaaaaaaaaaaaaaaaaaaaaaaaaaaaaaaaaaaaaaaaaaaa
read:  aaaaaaaaaaaaaaaaaaaaaaaaaaaaaaaaaaaaaaaaaaaaaaaaaaaaaaaaaaaaaaa
write: aaaaaaaaaaaaaaaaaaaaaaaaaaaaaaaaaaaaaaaaaaaaaaaaaaaaaaaaaaaaaaaa
read:  aaaaaaaaaaaaaaaaaaaaaaaaaaaaaaaaaaaaaaaaaaaaaaaaaaaaaaaaaaaaaaaa
